[0m14:17:44.322272 [debug] [MainThread]: Sending event: {'category': 'dbt', 'action': 'invocation', 'label': 'start', 'context': [<snowplow_tracker.self_describing_json.SelfDescribingJson object at 0x0000017989455E80>, <snowplow_tracker.self_describing_json.SelfDescribingJson object at 0x00000179861F3110>, <snowplow_tracker.self_describing_json.SelfDescribingJson object at 0x000001798A833C50>]}


============================== 14:17:44.327008 | b91e4ead-777c-4097-8c1a-8a528ff6065d ==============================
[0m14:17:44.327008 [info ] [MainThread]: Running with dbt=1.11.12
[0m14:17:44.327599 [debug] [MainThread]: running dbt with arguments {'version_check': 'True', 'no_print': 'None', 'static_parser': 'True', 'target_path': 'None', 'warn_error_options': 'WarnErrorOptionsV2(error=[], warn=[], silence=[])', 'printer_width': '80', 'write_json': 'True', 'introspect': 'True', 'log_cache_events': 'False', 'empty': 'None', 'cache_selected_only': 'False', 'fail_fast': 'False', 'debug': 'False', 'log_format': 'default', 'partial_parse': 'True', 'send_anonymous_usage_stats': 'True', 'quiet': 'False', 'warn_error': 'None', 'profiles_dir': 'C:\\Users\\annej\\.dbt', 'use_colors': 'True', 'indirect_selection': 'eager', 'invocation_command': 'dbt init', 'use_experimental_parser': 'False', 'log_path': 'logs'}
[0m14:17:44.345461 [info ] [MainThread]: Creating dbt configuration folder at C:\Users\annej\.dbt
[0m14:18:47.922387 [debug] [MainThread]: Starter project path: C:\Users\annej\AppData\Local\Programs\Python\Python313\Lib\site-packages\dbt\include\starter_project
[0m14:18:47.982529 [info ] [MainThread]: 
Your new dbt project "energy_market" was created!

For more information on how to configure the profiles.yml file,
please consult the dbt documentation here:

  https://docs.getdbt.com/docs/configure-your-profile

One more thing:

Need help? Don't hesitate to reach out to us via GitHub issues or on Slack:

  https://community.getdbt.com/

Happy modeling!

[0m14:18:47.983091 [info ] [MainThread]: Setting up your profile.
[0m14:27:57.834300 [info ] [MainThread]: Profile energy_market written to C:\Users\annej\.dbt\profiles.yml using target's sample configuration. Once updated, you'll be able to start developing with dbt.
[0m14:27:57.835525 [debug] [MainThread]: Command `dbt init` succeeded at 14:27:57.835393 after 613.65 seconds
[0m14:27:57.835852 [debug] [MainThread]: Sending event: {'category': 'dbt', 'action': 'invocation', 'label': 'end', 'context': [<snowplow_tracker.self_describing_json.SelfDescribingJson object at 0x000001798A83B360>, <snowplow_tracker.self_describing_json.SelfDescribingJson object at 0x000001798A1CCA70>, <snowplow_tracker.self_describing_json.SelfDescribingJson object at 0x000001798A8CE470>]}
[0m14:27:57.836167 [debug] [MainThread]: Flushing usage events
[0m14:27:59.255384 [debug] [MainThread]: An error was encountered while trying to flush usage events
[0m15:45:02.087124 [debug] [MainThread]: Sending event: {'category': 'dbt', 'action': 'invocation', 'label': 'start', 'context': [<snowplow_tracker.self_describing_json.SelfDescribingJson object at 0x00000204C4129A90>, <snowplow_tracker.self_describing_json.SelfDescribingJson object at 0x00000204C0F63110>, <snowplow_tracker.self_describing_json.SelfDescribingJson object at 0x00000204C550BED0>]}


============================== 15:45:02.092862 | 88f0016b-b3ab-4bdf-82e7-0e4656be68e9 ==============================
[0m15:45:02.092862 [info ] [MainThread]: Running with dbt=1.11.12
[0m15:45:02.093542 [debug] [MainThread]: running dbt with arguments {'static_parser': 'True', 'no_print': 'None', 'version_check': 'True', 'warn_error_options': 'WarnErrorOptionsV2(error=[], warn=[], silence=[])', 'target_path': 'None', 'printer_width': '80', 'write_json': 'True', 'introspect': 'True', 'log_cache_events': 'False', 'empty': 'None', 'cache_selected_only': 'False', 'fail_fast': 'False', 'debug': 'False', 'log_format': 'default', 'profiles_dir': 'C:\\Users\\annej\\.dbt', 'send_anonymous_usage_stats': 'True', 'quiet': 'False', 'warn_error': 'None', 'partial_parse': 'True', 'indirect_selection': 'eager', 'invocation_command': 'dbt debug', 'use_colors': 'True', 'use_experimental_parser': 'False', 'log_path': 'logs'}
[0m15:45:02.119213 [info ] [MainThread]: dbt version: 1.11.12
[0m15:45:02.119769 [info ] [MainThread]: python version: 3.13.0
[0m15:45:02.120128 [info ] [MainThread]: python path: C:\Users\annej\AppData\Local\Programs\Python\Python313\python.exe
[0m15:45:02.120437 [info ] [MainThread]: os info: Windows-11-10.0.26200-SP0
[0m15:45:02.149124 [info ] [MainThread]: Using profiles dir at C:\Users\annej\.dbt
[0m15:45:02.149793 [info ] [MainThread]: Using profiles.yml file at C:\Users\annej\.dbt\profiles.yml
[0m15:45:02.150575 [info ] [MainThread]: Using dbt_project.yml file at C:\Users\annej\OneDrive\Desktop\career\my projects\energy-market-data-platform\dbt_project.yml
[0m15:45:02.151884 [info ] [MainThread]: adapter type: sqlite
[0m15:45:02.152271 [info ] [MainThread]: adapter version: 1.10.0
[0m15:45:02.152583 [info ] [MainThread]: Configuration:
[0m15:45:02.152838 [info ] [MainThread]:   profiles.yml file [[32mOK found and valid[0m]
[0m15:45:02.153061 [info ] [MainThread]:   dbt_project.yml file [[31mERROR not found[0m]
[0m15:45:02.153275 [info ] [MainThread]: Required dependencies:
[0m15:45:02.153507 [debug] [MainThread]: Executing "git --help"
[0m15:45:02.202156 [debug] [MainThread]: STDOUT: "b"usage: git [-v | --version] [-h | --help] [-C <path>] [-c <name>=<value>]\n           [--exec-path[=<path>]] [--html-path] [--man-path] [--info-path]\n           [-p | --paginate | -P | --no-pager] [--no-replace-objects] [--no-lazy-fetch]\n           [--no-optional-locks] [--no-advice] [--bare] [--git-dir=<path>]\n           [--work-tree=<path>] [--namespace=<name>] [--config-env=<name>=<envvar>]\n           <command> [<args>]\n\nThese are common Git commands used in various situations:\n\nstart a working area (see also: git help tutorial)\n   clone      Clone a repository into a new directory\n   init       Create an empty Git repository or reinitialize an existing one\n\nwork on the current change (see also: git help everyday)\n   add        Add file contents to the index\n   mv         Move or rename a file, a directory, or a symlink\n   restore    Restore working tree files\n   rm         Remove files from the working tree and from the index\n\nexamine the history and state (see also: git help revisions)\n   bisect     Use binary search to find the commit that introduced a bug\n   diff       Show changes between commits, commit and working tree, etc\n   grep       Print lines matching a pattern\n   log        Show commit logs\n   show       Show various types of objects\n   status     Show the working tree status\n\ngrow, mark and tweak your common history\n   backfill   Download missing objects in a partial clone\n   branch     List, create, or delete branches\n   commit     Record changes to the repository\n   history    EXPERIMENTAL: Rewrite history\n   merge      Join two or more development histories together\n   rebase     Reapply commits on top of another base tip\n   reset      Set `HEAD` or the index to a known state\n   switch     Switch branches\n   tag        Create, list, delete or verify tags\n\ncollaborate (see also: git help workflows)\n   fetch      Download objects and refs from another repository\n   pull       Fetch from and integrate with another repository or a local branch\n   push       Update remote refs along with associated objects\n\n'git help -a' and 'git help -g' list available subcommands and some\nconcept guides. See 'git help <command>' or 'git help <concept>'\nto read about a specific subcommand or concept.\nSee 'git help git' for an overview of the system.\n""
[0m15:45:02.202572 [debug] [MainThread]: STDERR: "b''"
[0m15:45:02.202863 [info ] [MainThread]:  - git [[32mOK found[0m]

[0m15:45:02.203279 [info ] [MainThread]: Connection:
[0m15:45:02.203533 [info ] [MainThread]:   database: database
[0m15:45:02.203749 [info ] [MainThread]:   schema: main
[0m15:45:02.203960 [info ] [MainThread]:   schemas_and_paths: {'main': 'C:\\Users\\annej\\OneDrive\\Desktop\\career\\my projects\\energy-market-data-platform\\data\\warehouse.db'}
[0m15:45:02.204201 [info ] [MainThread]:   schema_directory: C:\Users\annej\OneDrive\Desktop\career\my projects\energy-market-data-platform\data
[0m15:45:02.204581 [info ] [MainThread]: Registered adapter: sqlite=1.10.0
[0m15:45:02.368641 [debug] [MainThread]: Acquiring new sqlite connection 'debug'
[0m15:45:07.654446 [debug] [MainThread]: Using sqlite connection "debug"
[0m15:45:07.654742 [debug] [MainThread]: On debug: select 1 as id
[0m15:45:07.654901 [debug] [MainThread]: Opening a new connection, currently in state init
[0m15:45:07.661536 [debug] [MainThread]: SQL status: OK in 0.007 seconds
[0m15:45:07.662644 [debug] [MainThread]: On debug: Close
[0m15:45:07.663164 [info ] [MainThread]:   Connection test: [[32mOK connection ok[0m]

[0m15:45:07.663751 [info ] [MainThread]: [31m1 check failed:[0m
[0m15:45:07.664174 [info ] [MainThread]: Project loading failed for the following reason:
 project path <C:\Users\annej\OneDrive\Desktop\career\my projects\energy-market-data-platform\dbt_project.yml> not found

[0m15:45:07.664846 [debug] [MainThread]: Command `dbt debug` failed at 15:45:07.664767 after 5.75 seconds
[0m15:45:07.665045 [debug] [MainThread]: Connection 'debug' was properly closed.
[0m15:45:07.665229 [debug] [MainThread]: Sending event: {'category': 'dbt', 'action': 'invocation', 'label': 'end', 'context': [<snowplow_tracker.self_describing_json.SelfDescribingJson object at 0x00000204C6D4C050>, <snowplow_tracker.self_describing_json.SelfDescribingJson object at 0x00000204C5617530>, <snowplow_tracker.self_describing_json.SelfDescribingJson object at 0x00000204C55B28B0>]}
[0m15:45:07.665467 [debug] [MainThread]: Flushing usage events
[0m15:45:08.991015 [debug] [MainThread]: An error was encountered while trying to flush usage events
